This file contains any messages produced by compilers while
running configure, to aid debugging if configure makes a mistake.

It was created by configure, which was
generated by GNU Autoconf 2.59.  Invocation command line was

  $ ./configure --prefix=/home/stones/LocalFuzzingInstalls

## --------- ##
## Platform. ##
## --------- ##

hostname = stones-virtual-machine
uname -m = x86_64
uname -r = 6.8.0-87-generic
uname -s = Linux
uname -v = #88~22.04.1-Ubuntu SMP PREEMPT_DYNAMIC Tue Oct 14 14:03:14 UTC 2

/usr/bin/uname -p = x86_64
/bin/uname -X     = unknown

/bin/arch              = x86_64
/usr/bin/arch -k       = unknown
/usr/convex/getsysinfo = unknown
hostinfo               = unknown
/bin/machine           = unknown
/usr/bin/oslevel       = unknown
/bin/universe          = unknown

PATH: /usr/local/sbin
PATH: /usr/local/bin
PATH: /usr/sbin
PATH: /usr/bin
PATH: /sbin
PATH: /bin
PATH: /usr/games
PATH: /usr/local/games
PATH: /snap/bin
PATH: /snap/bin


## ----------- ##
## Core tests. ##
## ----------- ##

configure:1482: checking for gcc
configure:1508: result: afl-clang-fast
configure:1752: checking for C compiler version
configure:1755: afl-clang-fast --version </dev/null >&5
Ubuntu clang version 14.0.0-1ubuntu1.1
Target: x86_64-pc-linux-gnu
Thread model: posix
InstalledDir: /usr/lib/llvm-14/bin
configure:1758: $? = 0
configure:1760: afl-clang-fast -v </dev/null >&5
Ubuntu clang version 14.0.0-1ubuntu1.1
Target: x86_64-pc-linux-gnu
Thread model: posix
InstalledDir: /usr/lib/llvm-14/bin
Found candidate GCC installation: /usr/lib/gcc/x86_64-linux-gnu/11
Selected GCC installation: /usr/lib/gcc/x86_64-linux-gnu/11
Candidate multilib: .;@m64
Selected multilib: .;@m64
configure:1763: $? = 0
configure:1765: afl-clang-fast -V </dev/null >&5
clang: error: unsupported option '-V -fPIC'
clang: error: no input files
configure:1768: $? = 1
configure:1791: checking for C compiler default output file name
configure:1794: afl-clang-fast    conftest.c  >&5
configure:1797: $? = 0
configure:1843: result: a.out
configure:1848: checking whether the C compiler works
configure:1854: ./a.out
configure:1857: $? = 0
configure:1874: result: yes
configure:1881: checking whether we are cross compiling
configure:1883: result: no
configure:1886: checking for suffix of executables
configure:1888: afl-clang-fast -o conftest    conftest.c  >&5
configure:1891: $? = 0
configure:1916: result: 
configure:1922: checking for suffix of object files
configure:1943: afl-clang-fast -c   conftest.c >&5
configure:1946: $? = 0
configure:1968: result: o
configure:1972: checking whether we are using the GNU C compiler
configure:1996: afl-clang-fast -c   conftest.c >&5
configure:2002: $? = 0
configure:2006: test -z 
			 || test ! -s conftest.err
configure:2009: $? = 0
configure:2012: test -s conftest.o
configure:2015: $? = 0
configure:2028: result: yes
configure:2034: checking whether afl-clang-fast accepts -g
configure:2055: afl-clang-fast -c -g  conftest.c >&5
configure:2061: $? = 0
configure:2065: test -z 
			 || test ! -s conftest.err
configure:2068: $? = 0
configure:2071: test -s conftest.o
configure:2074: $? = 0
configure:2085: result: yes
configure:2102: checking for afl-clang-fast option to accept ANSI C
configure:2172: afl-clang-fast  -c -g -O2  conftest.c >&5
configure:2178: $? = 0
configure:2182: test -z 
			 || test ! -s conftest.err
configure:2185: $? = 0
configure:2188: test -s conftest.o
configure:2191: $? = 0
configure:2209: result: none needed
configure:2227: afl-clang-fast -c -g -O2  conftest.c >&5
conftest.c:2:3: error: unknown type name 'choke'
  choke me
  ^
conftest.c:2:11: error: expected ';' after top level declarator
  choke me
          ^
          ;
2 errors generated.
configure:2233: $? = 1
configure: failed program was:
| #ifndef __cplusplus
|   choke me
| #endif
configure:2367: checking for library containing strerror
configure:2397: afl-clang-fast -o conftest -g -O2   conftest.c  >&5
conftest.c:17:6: warning: incompatible redeclaration of library function 'strerror' [-Wincompatible-library-redeclaration]
char strerror ();
     ^
conftest.c:17:6: note: 'strerror' is a builtin with type 'char *(int)'
1 warning generated.
configure:2403: $? = 0
configure:2407: test -z 
			 || test ! -s conftest.err
configure:2410: $? = 0
configure:2413: test -s conftest
configure:2416: $? = 0
configure:2486: result: none required
configure:2591: checking for C++ compiler version
configure:2594: afl-clang-fast++ --version </dev/null >&5
Ubuntu clang version 14.0.0-1ubuntu1.1
Target: x86_64-pc-linux-gnu
Thread model: posix
InstalledDir: /usr/lib/llvm-14/bin
configure:2597: $? = 0
configure:2599: afl-clang-fast++ -v </dev/null >&5
Ubuntu clang version 14.0.0-1ubuntu1.1
Target: x86_64-pc-linux-gnu
Thread model: posix
InstalledDir: /usr/lib/llvm-14/bin
Found candidate GCC installation: /usr/lib/gcc/x86_64-linux-gnu/11
Selected GCC installation: /usr/lib/gcc/x86_64-linux-gnu/11
Candidate multilib: .;@m64
Selected multilib: .;@m64
configure:2602: $? = 0
configure:2604: afl-clang-fast++ -V </dev/null >&5
clang: error: unsupported option '-V -fPIC'
clang: error: no input files
configure:2607: $? = 1
configure:2610: checking whether we are using the GNU C++ compiler
configure:2634: afl-clang-fast++ -c   conftest.cc >&5
configure:2640: $? = 0
configure:2644: test -z 
			 || test ! -s conftest.err
configure:2647: $? = 0
configure:2650: test -s conftest.o
configure:2653: $? = 0
configure:2666: result: yes
configure:2672: checking whether afl-clang-fast++ accepts -g
configure:2693: afl-clang-fast++ -c -g  conftest.cc >&5
configure:2699: $? = 0
configure:2703: test -z 
			 || test ! -s conftest.err
configure:2706: $? = 0
configure:2709: test -s conftest.o
configure:2712: $? = 0
configure:2723: result: yes
configure:2765: afl-clang-fast++ -c -g -O2  conftest.cc >&5
configure:2771: $? = 0
configure:2775: test -z 
			 || test ! -s conftest.err
configure:2778: $? = 0
configure:2781: test -s conftest.o
configure:2784: $? = 0
configure:2810: afl-clang-fast++ -c -g -O2  conftest.cc >&5
conftest.cc:14:1: error: use of undeclared identifier 'exit'
exit (42);
^
1 error generated.
configure:2816: $? = 1
configure: failed program was:
| /* confdefs.h.  */
| 
| #define PACKAGE_NAME ""
| #define PACKAGE_TARNAME ""
| #define PACKAGE_VERSION ""
| #define PACKAGE_STRING ""
| #define PACKAGE_BUGREPORT ""
| #define SYSTEM_XPDFRC "/home/stones/LocalFuzzingInstalls/etc/xpdfrc"
| /* end confdefs.h.  */
| 
| int
| main ()
| {
| exit (42);
|   ;
|   return 0;
| }
configure:2765: afl-clang-fast++ -c -g -O2  conftest.cc >&5
conftest.cc:10:17: error: use of undeclared identifier 'std'
extern "C" void std::exit (int) throw (); using std::exit;
                ^
conftest.cc:10:49: error: use of undeclared identifier 'std'
extern "C" void std::exit (int) throw (); using std::exit;
                                                ^
2 errors generated.
configure:2771: $? = 1
configure: failed program was:
| /* confdefs.h.  */
| 
| #define PACKAGE_NAME ""
| #define PACKAGE_TARNAME ""
| #define PACKAGE_VERSION ""
| #define PACKAGE_STRING ""
| #define PACKAGE_BUGREPORT ""
| #define SYSTEM_XPDFRC "/home/stones/LocalFuzzingInstalls/etc/xpdfrc"
| /* end confdefs.h.  */
| extern "C" void std::exit (int) throw (); using std::exit;
| #include <stdlib.h>
| int
| main ()
| {
| exit (42);
|   ;
|   return 0;
| }
configure:2765: afl-clang-fast++ -c -g -O2  conftest.cc >&5
conftest.cc:10:17: error: use of undeclared identifier 'std'
extern "C" void std::exit (int); using std::exit;
                ^
conftest.cc:10:40: error: use of undeclared identifier 'std'
extern "C" void std::exit (int); using std::exit;
                                       ^
2 errors generated.
configure:2771: $? = 1
configure: failed program was:
| /* confdefs.h.  */
| 
| #define PACKAGE_NAME ""
| #define PACKAGE_TARNAME ""
| #define PACKAGE_VERSION ""
| #define PACKAGE_STRING ""
| #define PACKAGE_BUGREPORT ""
| #define SYSTEM_XPDFRC "/home/stones/LocalFuzzingInstalls/etc/xpdfrc"
| /* end confdefs.h.  */
| extern "C" void std::exit (int); using std::exit;
| #include <stdlib.h>
| int
| main ()
| {
| exit (42);
|   ;
|   return 0;
| }
configure:2765: afl-clang-fast++ -c -g -O2  conftest.cc >&5
configure:2771: $? = 0
configure:2775: test -z 
			 || test ! -s conftest.err
configure:2778: $? = 0
configure:2781: test -s conftest.o
configure:2784: $? = 0
configure:2810: afl-clang-fast++ -c -g -O2  conftest.cc >&5
configure:2816: $? = 0
configure:2820: test -z 
			 || test ! -s conftest.err
configure:2823: $? = 0
configure:2826: test -s conftest.o
configure:2829: $? = 0
configure:2890: checking for a BSD-compatible install
configure:2945: result: /usr/bin/install -c
configure:2997: checking for ranlib
configure:3013: found /usr/bin/ranlib
configure:3024: result: ranlib
configure:3042: checking for OS/2 (with EMX)
configure:3063: afl-clang-fast -c -g -O2  conftest.c >&5
conftest.c:17:1: error: use of undeclared identifier '__EMX__'
__EMX__
^
1 error generated.
configure:3069: $? = 1
configure: failed program was:
| /* confdefs.h.  */
| 
| #define PACKAGE_NAME ""
| #define PACKAGE_TARNAME ""
| #define PACKAGE_VERSION ""
| #define PACKAGE_STRING ""
| #define PACKAGE_BUGREPORT ""
| #define SYSTEM_XPDFRC "/home/stones/LocalFuzzingInstalls/etc/xpdfrc"
| #ifdef __cplusplus
| extern "C" void exit (int) throw ();
| #endif
| /* end confdefs.h.  */
| 
| int
| main ()
| {
| __EMX__
|   ;
|   return 0;
| }
configure:3093: result: no
configure:3101: checking for DOS (with DJGPP)
configure:3122: afl-clang-fast -c -g -O2  conftest.c >&5
conftest.c:17:1: error: use of undeclared identifier '__DJGPP__'
__DJGPP__
^
1 error generated.
configure:3128: $? = 1
configure: failed program was:
| /* confdefs.h.  */
| 
| #define PACKAGE_NAME ""
| #define PACKAGE_TARNAME ""
| #define PACKAGE_VERSION ""
| #define PACKAGE_STRING ""
| #define PACKAGE_BUGREPORT ""
| #define SYSTEM_XPDFRC "/home/stones/LocalFuzzingInstalls/etc/xpdfrc"
| #ifdef __cplusplus
| extern "C" void exit (int) throw ();
| #endif
| /* end confdefs.h.  */
| 
| int
| main ()
| {
| __DJGPP__
|   ;
|   return 0;
| }
configure:3152: result: no
configure:3171: checking how to run the C preprocessor
configure:3206: afl-clang-fast -E  conftest.c
configure:3212: $? = 0
configure:3244: afl-clang-fast -E  conftest.c
conftest.c:13:10: fatal error: 'ac_nonexistent.h' file not found
#include <ac_nonexistent.h>
         ^~~~~~~~~~~~~~~~~~
1 error generated.
configure:3250: $? = 1
configure: failed program was:
| /* confdefs.h.  */
| 
| #define PACKAGE_NAME ""
| #define PACKAGE_TARNAME ""
| #define PACKAGE_VERSION ""
| #define PACKAGE_STRING ""
| #define PACKAGE_BUGREPORT ""
| #define SYSTEM_XPDFRC "/home/stones/LocalFuzzingInstalls/etc/xpdfrc"
| #ifdef __cplusplus
| extern "C" void exit (int) throw ();
| #endif
| /* end confdefs.h.  */
| #include <ac_nonexistent.h>
configure:3289: result: afl-clang-fast -E
configure:3313: afl-clang-fast -E  conftest.c
configure:3319: $? = 0
configure:3351: afl-clang-fast -E  conftest.c
conftest.c:13:10: fatal error: 'ac_nonexistent.h' file not found
#include <ac_nonexistent.h>
         ^~~~~~~~~~~~~~~~~~
1 error generated.
configure:3357: $? = 1
configure: failed program was:
| /* confdefs.h.  */
| 
| #define PACKAGE_NAME ""
| #define PACKAGE_TARNAME ""
| #define PACKAGE_VERSION ""
| #define PACKAGE_STRING ""
| #define PACKAGE_BUGREPORT ""
| #define SYSTEM_XPDFRC "/home/stones/LocalFuzzingInstalls/etc/xpdfrc"
| #ifdef __cplusplus
| extern "C" void exit (int) throw ();
| #endif
| /* end confdefs.h.  */
| #include <ac_nonexistent.h>
configure:3401: checking for X
configure:3506: afl-clang-fast -E  conftest.c
conftest.c:13:10: fatal error: 'X11/Intrinsic.h' file not found
#include <X11/Intrinsic.h>
         ^~~~~~~~~~~~~~~~~
1 error generated.
configure:3512: $? = 1
configure: failed program was:
| /* confdefs.h.  */
| 
| #define PACKAGE_NAME ""
| #define PACKAGE_TARNAME ""
| #define PACKAGE_VERSION ""
| #define PACKAGE_STRING ""
| #define PACKAGE_BUGREPORT ""
| #define SYSTEM_XPDFRC "/home/stones/LocalFuzzingInstalls/etc/xpdfrc"
| #ifdef __cplusplus
| extern "C" void exit (int) throw ();
| #endif
| /* end confdefs.h.  */
| #include <X11/Intrinsic.h>
configure:3562: afl-clang-fast -o conftest -g -O2   conftest.c -lXt  >&5
conftest.c:13:10: fatal error: 'X11/Intrinsic.h' file not found
#include <X11/Intrinsic.h>
         ^~~~~~~~~~~~~~~~~
1 error generated.
configure:3568: $? = 1
configure: failed program was:
| /* confdefs.h.  */
| 
| #define PACKAGE_NAME ""
| #define PACKAGE_TARNAME ""
| #define PACKAGE_VERSION ""
| #define PACKAGE_STRING ""
| #define PACKAGE_BUGREPORT ""
| #define SYSTEM_XPDFRC "/home/stones/LocalFuzzingInstalls/etc/xpdfrc"
| #ifdef __cplusplus
| extern "C" void exit (int) throw ();
| #endif
| /* end confdefs.h.  */
| #include <X11/Intrinsic.h>
| int
| main ()
| {
| XtMalloc (0)
|   ;
|   return 0;
| }
configure:3621: result: no
configure:4797: checking for dirent.h that defines DIR
configure:4821: afl-clang-fast -c -g -O2  conftest.c >&5
configure:4827: $? = 0
configure:4831: test -z 
			 || test ! -s conftest.err
configure:4834: $? = 0
configure:4837: test -s conftest.o
configure:4840: $? = 0
configure:4851: result: yes
configure:4864: checking for library containing opendir
configure:4894: afl-clang-fast -o conftest -g -O2   conftest.c  >&5
configure:4900: $? = 0
configure:4904: test -z 
			 || test ! -s conftest.err
configure:4907: $? = 0
configure:4910: test -s conftest
configure:4913: $? = 0
configure:4983: result: none required
configure:5128: checking for gethostbyname
configure:5185: afl-clang-fast++ -o conftest -g -O2   conftest.cc  >&5
configure:5191: $? = 0
configure:5195: test -z 
			 || test ! -s conftest.err
configure:5198: $? = 0
configure:5201: test -s conftest
configure:5204: $? = 0
configure:5216: result: yes
configure:5290: checking select() and fd_set in sys/select.h and sys/bsdtypes.h
configure:5312: afl-clang-fast++ -c -g -O2  conftest.cc >&5
configure:5318: $? = 0
configure:5322: test -z 
			 || test ! -s conftest.err
configure:5325: $? = 0
configure:5328: test -s conftest.o
configure:5331: $? = 0
configure:5342: result: not needed
configure:5467: checking FD_ZERO and strings.h or bstring.h
configure:5489: afl-clang-fast++ -c -g -O2  conftest.cc >&5
configure:5495: $? = 0
configure:5499: test -z 
			 || test ! -s conftest.err
configure:5502: $? = 0
configure:5505: test -s conftest.o
configure:5508: $? = 0
configure:5519: result: not needed
configure:5648: checking for rewinddir
configure:5705: afl-clang-fast++ -o conftest -g -O2   conftest.cc  >&5
configure:5711: $? = 0
configure:5715: test -z 
			 || test ! -s conftest.err
configure:5718: $? = 0
configure:5721: test -s conftest
configure:5724: $? = 0
configure:5736: result: yes
configure:5827: checking for popen
configure:5884: afl-clang-fast++ -o conftest -g -O2   conftest.cc  >&5
configure:5890: $? = 0
configure:5894: test -z 
			 || test ! -s conftest.err
configure:5897: $? = 0
configure:5900: test -s conftest
configure:5903: $? = 0
configure:5915: result: yes
configure:5925: checking for mkstemp
configure:5947: afl-clang-fast++ -o conftest -g -O2   conftest.cc  >&5
conftest.cc:22:9: warning: ISO C++11 does not allow conversion from string literal to 'char *' [-Wwritable-strings]
mkstemp("foo");
        ^
1 warning generated.
configure:5953: $? = 0
configure:5957: test -z 
			 || test ! -s conftest.err
configure:5960: $? = 0
configure:5963: test -s conftest
configure:5966: $? = 0
configure:5978: result: yes
configure:5986: checking for mkstemps
configure:6008: afl-clang-fast++ -o conftest -g -O2   conftest.cc  >&5
conftest.cc:23:10: warning: ISO C++11 does not allow conversion from string literal to 'char *' [-Wwritable-strings]
mkstemps("foo", 0);
         ^
1 warning generated.
configure:6014: $? = 0
configure:6018: test -z 
			 || test ! -s conftest.err
configure:6021: $? = 0
configure:6024: test -s conftest
configure:6027: $? = 0
configure:6039: result: yes
configure:6048: checking whether select takes fd_set arguments
configure:6075: afl-clang-fast++ -c -g -O2  conftest.cc >&5
configure:6081: $? = 0
configure:6085: test -z 
			 || test ! -s conftest.err
configure:6088: $? = 0
configure:6091: test -s conftest.o
configure:6094: $? = 0
configure:6105: result: yes
configure:6128: checking for special C compiler options needed for large files
configure:6227: result: no
configure:6233: checking for _FILE_OFFSET_BITS value needed for large files
configure:6264: afl-clang-fast -c -g -O2  conftest.c >&5
configure:6270: $? = 0
configure:6274: test -z 
			 || test ! -s conftest.err
configure:6277: $? = 0
configure:6280: test -s conftest.o
configure:6283: $? = 0
configure:6348: result: no
configure:6358: checking for _LARGE_FILES value needed for large files
configure:6389: afl-clang-fast -c -g -O2  conftest.c >&5
configure:6395: $? = 0
configure:6399: test -z 
			 || test ! -s conftest.err
configure:6402: $? = 0
configure:6405: test -s conftest.o
configure:6408: $? = 0
configure:6473: result: no
configure:6485: checking for _LARGEFILE_SOURCE value needed for large files
configure:6508: afl-clang-fast -c -g -O2  conftest.c >&5
conftest.c:23:9: warning: address of function 'fseeko' will always evaluate to 'true' [-Wpointer-bool-conversion]
return !fseeko;
       ~^~~~~~
conftest.c:23:9: note: prefix with the address-of operator to silence this warning
return !fseeko;
        ^
        &
1 warning generated.
configure:6514: $? = 0
configure:6518: test -z 
			 || test ! -s conftest.err
configure:6521: $? = 0
configure:6524: test -s conftest.o
configure:6527: $? = 0
configure:6584: result: no
configure:6598: checking for fseeko
configure:6619: afl-clang-fast -o conftest -g -O2   conftest.c  >&5
conftest.c:23:8: warning: address of function 'fseeko' will always evaluate to 'true' [-Wpointer-bool-conversion]
return fseeko && fseeko (stdin, 0, 0);
       ^~~~~~ ~~
conftest.c:23:8: note: prefix with the address-of operator to silence this warning
return fseeko && fseeko (stdin, 0, 0);
       ^
       &
1 warning generated.
configure:6625: $? = 0
configure:6629: test -z 
			 || test ! -s conftest.err
configure:6632: $? = 0
configure:6635: test -s conftest
configure:6638: $? = 0
configure:6650: result: yes
configure:6664: checking for fseek64
configure:6721: afl-clang-fast -o conftest -g -O2   conftest.c  >&5
/usr/bin/ld: /tmp/conftest-7f4f0b.o: in function `main':
conftest.c:(.text.main[main]+0x35): undefined reference to `fseek64'
/usr/bin/ld: /tmp/conftest-7f4f0b.o:(.data+0x0): undefined reference to `fseek64'
clang: error: linker command failed with exit code 1 (use -v to see invocation)
configure:6727: $? = 1
configure: failed program was:
| /* confdefs.h.  */
| 
| #define PACKAGE_NAME ""
| #define PACKAGE_TARNAME ""
| #define PACKAGE_VERSION ""
| #define PACKAGE_STRING ""
| #define PACKAGE_BUGREPORT ""
| #define SYSTEM_XPDFRC "/home/stones/LocalFuzzingInstalls/etc/xpdfrc"
| #ifdef __cplusplus
| extern "C" void exit (int) throw ();
| #endif
| #define X_DISPLAY_MISSING 1
| #define HAVE_DIRENT_H 1
| #define HAVE_REWINDDIR 1
| #define HAVE_POPEN 1
| #define HAVE_MKSTEMP 1
| #define HAVE_MKSTEMPS 1
| #define HAVE_FSEEKO 1
| /* end confdefs.h.  */
| /* Define fseek64 to an innocuous variant, in case <limits.h> declares fseek64.
|    For example, HP-UX 11i <limits.h> declares gettimeofday.  */
| #define fseek64 innocuous_fseek64
| 
| /* System header to define __stub macros and hopefully few prototypes,
|     which can conflict with char fseek64 (); below.
|     Prefer <limits.h> to <assert.h> if __STDC__ is defined, since
|     <limits.h> exists even on freestanding compilers.  */
| 
| #ifdef __STDC__
| # include <limits.h>
| #else
| # include <assert.h>
| #endif
| 
| #undef fseek64
| 
| /* Override any gcc2 internal prototype to avoid an error.  */
| #ifdef __cplusplus
| extern "C"
| {
| #endif
| /* We use char because int might match the return type of a gcc2
|    builtin and then its argument prototype would still apply.  */
| char fseek64 ();
| /* The GNU C library defines this for functions which it implements
|     to always fail with ENOSYS.  Some functions are actually named
|     something starting with __ and the normal name is an alias.  */
| #if defined (__stub_fseek64) || defined (__stub___fseek64)
| choke me
| #else
| char (*f) () = fseek64;
| #endif
| #ifdef __cplusplus
| }
| #endif
| 
| int
| main ()
| {
| return f != fseek64;
|   ;
|   return 0;
| }
configure:6752: result: no
configure:6768: checking for ftell64
configure:6825: afl-clang-fast -o conftest -g -O2   conftest.c  >&5
/usr/bin/ld: /tmp/conftest-58d2b0.o: in function `main':
conftest.c:(.text.main[main]+0x35): undefined reference to `ftell64'
/usr/bin/ld: /tmp/conftest-58d2b0.o:(.data+0x0): undefined reference to `ftell64'
clang: error: linker command failed with exit code 1 (use -v to see invocation)
configure:6831: $? = 1
configure: failed program was:
| /* confdefs.h.  */
| 
| #define PACKAGE_NAME ""
| #define PACKAGE_TARNAME ""
| #define PACKAGE_VERSION ""
| #define PACKAGE_STRING ""
| #define PACKAGE_BUGREPORT ""
| #define SYSTEM_XPDFRC "/home/stones/LocalFuzzingInstalls/etc/xpdfrc"
| #ifdef __cplusplus
| extern "C" void exit (int) throw ();
| #endif
| #define X_DISPLAY_MISSING 1
| #define HAVE_DIRENT_H 1
| #define HAVE_REWINDDIR 1
| #define HAVE_POPEN 1
| #define HAVE_MKSTEMP 1
| #define HAVE_MKSTEMPS 1
| #define HAVE_FSEEKO 1
| /* end confdefs.h.  */
| /* Define ftell64 to an innocuous variant, in case <limits.h> declares ftell64.
|    For example, HP-UX 11i <limits.h> declares gettimeofday.  */
| #define ftell64 innocuous_ftell64
| 
| /* System header to define __stub macros and hopefully few prototypes,
|     which can conflict with char ftell64 (); below.
|     Prefer <limits.h> to <assert.h> if __STDC__ is defined, since
|     <limits.h> exists even on freestanding compilers.  */
| 
| #ifdef __STDC__
| # include <limits.h>
| #else
| # include <assert.h>
| #endif
| 
| #undef ftell64
| 
| /* Override any gcc2 internal prototype to avoid an error.  */
| #ifdef __cplusplus
| extern "C"
| {
| #endif
| /* We use char because int might match the return type of a gcc2
|    builtin and then its argument prototype would still apply.  */
| char ftell64 ();
| /* The GNU C library defines this for functions which it implements
|     to always fail with ENOSYS.  Some functions are actually named
|     something starting with __ and the normal name is an alias.  */
| #if defined (__stub_ftell64) || defined (__stub___ftell64)
| choke me
| #else
| char (*f) () = ftell64;
| #endif
| #ifdef __cplusplus
| }
| #endif
| 
| int
| main ()
| {
| return f != ftell64;
|   ;
|   return 0;
| }
configure:6856: result: no
configure:9500: checking whether to use t1 library
configure:9507: result: maybe
configure:9558: checking where to find the t1 header files
configure:9565: result: 
configure:9598: checking t1lib.h usability
configure:9610: afl-clang-fast -c -g -O2    conftest.c >&5
conftest.c:54:10: fatal error: 't1lib.h' file not found
#include <t1lib.h>
         ^~~~~~~~~
1 error generated.
configure:9616: $? = 1
configure: failed program was:
| /* confdefs.h.  */
| 
| #define PACKAGE_NAME ""
| #define PACKAGE_TARNAME ""
| #define PACKAGE_VERSION ""
| #define PACKAGE_STRING ""
| #define PACKAGE_BUGREPORT ""
| #define SYSTEM_XPDFRC "/home/stones/LocalFuzzingInstalls/etc/xpdfrc"
| #ifdef __cplusplus
| extern "C" void exit (int) throw ();
| #endif
| #define X_DISPLAY_MISSING 1
| #define HAVE_DIRENT_H 1
| #define HAVE_REWINDDIR 1
| #define HAVE_POPEN 1
| #define HAVE_MKSTEMP 1
| #define HAVE_MKSTEMPS 1
| #define HAVE_FSEEKO 1
| /* end confdefs.h.  */
| #include <stdio.h>
| #if HAVE_SYS_TYPES_H
| # include <sys/types.h>
| #endif
| #if HAVE_SYS_STAT_H
| # include <sys/stat.h>
| #endif
| #if STDC_HEADERS
| # include <stdlib.h>
| # include <stddef.h>
| #else
| # if HAVE_STDLIB_H
| #  include <stdlib.h>
| # endif
| #endif
| #if HAVE_STRING_H
| # if !STDC_HEADERS && HAVE_MEMORY_H
| #  include <memory.h>
| # endif
| # include <string.h>
| #endif
| #if HAVE_STRINGS_H
| # include <strings.h>
| #endif
| #if HAVE_INTTYPES_H
| # include <inttypes.h>
| #else
| # if HAVE_STDINT_H
| #  include <stdint.h>
| # endif
| #endif
| #if HAVE_UNISTD_H
| # include <unistd.h>
| #endif
| #include <t1lib.h>
configure:9639: result: no
configure:9643: checking t1lib.h presence
configure:9653: afl-clang-fast -E    conftest.c
conftest.c:20:10: fatal error: 't1lib.h' file not found
#include <t1lib.h>
         ^~~~~~~~~
1 error generated.
configure:9659: $? = 1
configure: failed program was:
| /* confdefs.h.  */
| 
| #define PACKAGE_NAME ""
| #define PACKAGE_TARNAME ""
| #define PACKAGE_VERSION ""
| #define PACKAGE_STRING ""
| #define PACKAGE_BUGREPORT ""
| #define SYSTEM_XPDFRC "/home/stones/LocalFuzzingInstalls/etc/xpdfrc"
| #ifdef __cplusplus
| extern "C" void exit (int) throw ();
| #endif
| #define X_DISPLAY_MISSING 1
| #define HAVE_DIRENT_H 1
| #define HAVE_REWINDDIR 1
| #define HAVE_POPEN 1
| #define HAVE_MKSTEMP 1
| #define HAVE_MKSTEMPS 1
| #define HAVE_FSEEKO 1
| /* end confdefs.h.  */
| #include <t1lib.h>
configure:9679: result: no
configure:9714: checking for t1lib.h
configure:9721: result: no
configure:9833: result: not using t1 library
configure:9879: checking whether to use freetype2 library
configure:9886: result: maybe
configure:9937: checking where to find the freetype2 header files
configure:9944: result: 
configure:9977: checking ft2build.h usability
configure:9989: afl-clang-fast -c -g -O2    conftest.c >&5
conftest.c:54:10: fatal error: 'ft2build.h' file not found
#include <ft2build.h>
         ^~~~~~~~~~~~
1 error generated.
configure:9995: $? = 1
configure: failed program was:
| /* confdefs.h.  */
| 
| #define PACKAGE_NAME ""
| #define PACKAGE_TARNAME ""
| #define PACKAGE_VERSION ""
| #define PACKAGE_STRING ""
| #define PACKAGE_BUGREPORT ""
| #define SYSTEM_XPDFRC "/home/stones/LocalFuzzingInstalls/etc/xpdfrc"
| #ifdef __cplusplus
| extern "C" void exit (int) throw ();
| #endif
| #define X_DISPLAY_MISSING 1
| #define HAVE_DIRENT_H 1
| #define HAVE_REWINDDIR 1
| #define HAVE_POPEN 1
| #define HAVE_MKSTEMP 1
| #define HAVE_MKSTEMPS 1
| #define HAVE_FSEEKO 1
| /* end confdefs.h.  */
| #include <stdio.h>
| #if HAVE_SYS_TYPES_H
| # include <sys/types.h>
| #endif
| #if HAVE_SYS_STAT_H
| # include <sys/stat.h>
| #endif
| #if STDC_HEADERS
| # include <stdlib.h>
| # include <stddef.h>
| #else
| # if HAVE_STDLIB_H
| #  include <stdlib.h>
| # endif
| #endif
| #if HAVE_STRING_H
| # if !STDC_HEADERS && HAVE_MEMORY_H
| #  include <memory.h>
| # endif
| # include <string.h>
| #endif
| #if HAVE_STRINGS_H
| # include <strings.h>
| #endif
| #if HAVE_INTTYPES_H
| # include <inttypes.h>
| #else
| # if HAVE_STDINT_H
| #  include <stdint.h>
| # endif
| #endif
| #if HAVE_UNISTD_H
| # include <unistd.h>
| #endif
| #include <ft2build.h>
configure:10018: result: no
configure:10022: checking ft2build.h presence
configure:10032: afl-clang-fast -E    conftest.c
conftest.c:20:10: fatal error: 'ft2build.h' file not found
#include <ft2build.h>
         ^~~~~~~~~~~~
1 error generated.
configure:10038: $? = 1
configure: failed program was:
| /* confdefs.h.  */
| 
| #define PACKAGE_NAME ""
| #define PACKAGE_TARNAME ""
| #define PACKAGE_VERSION ""
| #define PACKAGE_STRING ""
| #define PACKAGE_BUGREPORT ""
| #define SYSTEM_XPDFRC "/home/stones/LocalFuzzingInstalls/etc/xpdfrc"
| #ifdef __cplusplus
| extern "C" void exit (int) throw ();
| #endif
| #define X_DISPLAY_MISSING 1
| #define HAVE_DIRENT_H 1
| #define HAVE_REWINDDIR 1
| #define HAVE_POPEN 1
| #define HAVE_MKSTEMP 1
| #define HAVE_MKSTEMPS 1
| #define HAVE_FSEEKO 1
| /* end confdefs.h.  */
| #include <ft2build.h>
configure:10058: result: no
configure:10093: checking for ft2build.h
configure:10100: result: no
configure:10212: result: not using freetype2 library
configure:10268: checking whether to use libpaper library
configure:10275: result: maybe
configure:10326: checking where to find the libpaper header files
configure:10333: result: 
configure:10366: checking paper.h usability
configure:10378: afl-clang-fast -c -g -O2    conftest.c >&5
conftest.c:54:10: fatal error: 'paper.h' file not found
#include <paper.h>
         ^~~~~~~~~
1 error generated.
configure:10384: $? = 1
configure: failed program was:
| /* confdefs.h.  */
| 
| #define PACKAGE_NAME ""
| #define PACKAGE_TARNAME ""
| #define PACKAGE_VERSION ""
| #define PACKAGE_STRING ""
| #define PACKAGE_BUGREPORT ""
| #define SYSTEM_XPDFRC "/home/stones/LocalFuzzingInstalls/etc/xpdfrc"
| #ifdef __cplusplus
| extern "C" void exit (int) throw ();
| #endif
| #define X_DISPLAY_MISSING 1
| #define HAVE_DIRENT_H 1
| #define HAVE_REWINDDIR 1
| #define HAVE_POPEN 1
| #define HAVE_MKSTEMP 1
| #define HAVE_MKSTEMPS 1
| #define HAVE_FSEEKO 1
| /* end confdefs.h.  */
| #include <stdio.h>
| #if HAVE_SYS_TYPES_H
| # include <sys/types.h>
| #endif
| #if HAVE_SYS_STAT_H
| # include <sys/stat.h>
| #endif
| #if STDC_HEADERS
| # include <stdlib.h>
| # include <stddef.h>
| #else
| # if HAVE_STDLIB_H
| #  include <stdlib.h>
| # endif
| #endif
| #if HAVE_STRING_H
| # if !STDC_HEADERS && HAVE_MEMORY_H
| #  include <memory.h>
| # endif
| # include <string.h>
| #endif
| #if HAVE_STRINGS_H
| # include <strings.h>
| #endif
| #if HAVE_INTTYPES_H
| # include <inttypes.h>
| #else
| # if HAVE_STDINT_H
| #  include <stdint.h>
| # endif
| #endif
| #if HAVE_UNISTD_H
| # include <unistd.h>
| #endif
| #include <paper.h>
configure:10407: result: no
configure:10411: checking paper.h presence
configure:10421: afl-clang-fast -E    conftest.c
conftest.c:20:10: fatal error: 'paper.h' file not found
#include <paper.h>
         ^~~~~~~~~
1 error generated.
configure:10427: $? = 1
configure: failed program was:
| /* confdefs.h.  */
| 
| #define PACKAGE_NAME ""
| #define PACKAGE_TARNAME ""
| #define PACKAGE_VERSION ""
| #define PACKAGE_STRING ""
| #define PACKAGE_BUGREPORT ""
| #define SYSTEM_XPDFRC "/home/stones/LocalFuzzingInstalls/etc/xpdfrc"
| #ifdef __cplusplus
| extern "C" void exit (int) throw ();
| #endif
| #define X_DISPLAY_MISSING 1
| #define HAVE_DIRENT_H 1
| #define HAVE_REWINDDIR 1
| #define HAVE_POPEN 1
| #define HAVE_MKSTEMP 1
| #define HAVE_MKSTEMPS 1
| #define HAVE_FSEEKO 1
| /* end confdefs.h.  */
| #include <paper.h>
configure:10447: result: no
configure:10482: checking for paper.h
configure:10489: result: no
configure:10601: result: not using libpaper library
configure:10729: creating ./config.status

## ---------------------- ##
## Running config.status. ##
## ---------------------- ##

This file was extended by config.status, which was
generated by GNU Autoconf 2.59.  Invocation command line was

  CONFIG_FILES    = 
  CONFIG_HEADERS  = 
  CONFIG_LINKS    = 
  CONFIG_COMMANDS = 
  $ ./config.status 

on stones-virtual-machine

config.status:686: creating Makefile
config.status:686: creating goo/Makefile
config.status:686: creating fofi/Makefile
config.status:686: creating splash/Makefile
config.status:686: creating xpdf/Makefile
config.status:790: creating aconf.h
config.status:888: aconf.h is unchanged
configure:11790: WARNING: Couldn't find X
configure:11794: WARNING: Couldn't find Motif
configure:11798: WARNING: Couldn't find FreeType
configure:11802: WARNING: -- You will be able to compile pdftops, pdftotext,
        pdfinfo, pdffonts, and pdfimages, but not xpdf or pdftoppm

## ---------------- ##
## Cache variables. ##
## ---------------- ##

ac_cv_c_compiler_gnu=yes
ac_cv_cxx_compiler_gnu=yes
ac_cv_env_CC_set=set
ac_cv_env_CC_value=afl-clang-fast
ac_cv_env_CFLAGS_set=
ac_cv_env_CFLAGS_value=
ac_cv_env_CPPFLAGS_set=
ac_cv_env_CPPFLAGS_value=
ac_cv_env_CPP_set=
ac_cv_env_CPP_value=
ac_cv_env_CXXFLAGS_set=
ac_cv_env_CXXFLAGS_value=
ac_cv_env_CXX_set=set
ac_cv_env_CXX_value=afl-clang-fast++
ac_cv_env_LDFLAGS_set=
ac_cv_env_LDFLAGS_value=
ac_cv_env_build_alias_set=
ac_cv_env_build_alias_value=
ac_cv_env_host_alias_set=
ac_cv_env_host_alias_value=
ac_cv_env_target_alias_set=
ac_cv_env_target_alias_value=
ac_cv_exeext=
ac_cv_func_fseek64=no
ac_cv_func_fseeko=yes
ac_cv_func_ftell64=no
ac_cv_func_gethostbyname=yes
ac_cv_func_popen=yes
ac_cv_func_rewinddir=yes
ac_cv_have_x=have_x=no
ac_cv_header_dirent_dirent_h=yes
ac_cv_header_ft2build_h=no
ac_cv_header_paper_h=no
ac_cv_header_t1lib_h=no
ac_cv_objext=o
ac_cv_path_install='/usr/bin/install -c'
ac_cv_prog_CPP='afl-clang-fast -E'
ac_cv_prog_ac_ct_CC=afl-clang-fast
ac_cv_prog_ac_ct_RANLIB=ranlib
ac_cv_prog_cc_g=yes
ac_cv_prog_cc_stdc=
ac_cv_prog_cxx_g=yes
ac_cv_search_opendir='none required'
ac_cv_search_strerror='none required'
ac_cv_sys_file_offset_bits=no
ac_cv_sys_large_files=no
ac_cv_sys_largefile_CC=no
ac_cv_sys_largefile_source=no
smr_cv_with_freetype2_includes=
smr_cv_with_freetype2_library=maybe
smr_cv_with_libpaper_includes=
smr_cv_with_libpaper_library=maybe
smr_cv_with_t1_includes=
smr_cv_with_t1_library=maybe
xpdf_cv_func_fseek64=no
xpdf_cv_func_ftell64=no
xpdf_cv_func_mkstemp=yes
xpdf_cv_func_mkstemps=yes
xpdf_cv_func_select_arg=yes
xpdf_cv_sys_dos=no
xpdf_cv_sys_os2=no

## ----------------- ##
## Output variables. ##
## ----------------- ##

AR='ar rc'
CC='afl-clang-fast'
CFLAGS='-g -O2'
CPP='afl-clang-fast -E'
CPPFLAGS=''
CXX='afl-clang-fast++'
CXXFLAGS='-g -O2'
DEFS='-DHAVE_CONFIG_H'
ECHO_C=''
ECHO_N='-n'
ECHO_T=''
EGREP=''
EXE=''
EXEEXT=''
INSTALL_DATA='${INSTALL} -m 644'
INSTALL_PROGRAM='${INSTALL}'
INSTALL_SCRIPT='${INSTALL}'
LDFLAGS=''
LIBOBJS=''
LIBPREFIX='lib'
LIBS=''
LTLIBOBJS=''
OBJEXT='o'
PACKAGE_BUGREPORT=''
PACKAGE_NAME=''
PACKAGE_STRING=''
PACKAGE_TARNAME=''
PACKAGE_VERSION=''
PATH_SEPARATOR=':'
RANLIB='ranlib'
SHELL='/bin/bash'
Sgm_CFLAGS=''
Sgm_LIBS=''
UP_DIR=''
X='#'
XPDF_TARGET='all-no-x'
X_CFLAGS=''
X_EXTRA_LIBS=''
X_LIBS=''
X_PRE_LIBS=''
Xext_CFLAGS=''
Xext_LIBS=''
Xm_CFLAGS=''
Xm_LIBS=''
Xp_CFLAGS=''
Xp_LIBS=''
Xpm_CFLAGS=''
Xpm_LIBS=''
Xt_CFLAGS=''
Xt_LIBS=''
ac_ct_CC='afl-clang-fast'
ac_ct_CXX=''
ac_ct_RANLIB='ranlib'
bindir='${exec_prefix}/bin'
build_alias=''
datadir='${prefix}/share'
exec_prefix='${prefix}'
freetype2_CFLAGS=''
freetype2_LIBS=''
host_alias=''
includedir='${prefix}/include'
infodir='${prefix}/info'
libdir='${exec_prefix}/lib'
libexecdir='${exec_prefix}/libexec'
libpaper_CFLAGS=''
libpaper_LIBS=''
localstatedir='${prefix}/var'
mandir='${prefix}/man'
oldincludedir='/usr/include'
prefix='/home/stones/LocalFuzzingInstalls'
program_transform_name='s,x,x,'
sbindir='${exec_prefix}/sbin'
sharedstatedir='${prefix}/com'
sysconfdir='${prefix}/etc'
t1_CFLAGS=''
t1_LIBS=''
target_alias=''

## ----------- ##
## confdefs.h. ##
## ----------- ##

#define HAVE_DIRENT_H 1
#define HAVE_FSEEKO 1
#define HAVE_MKSTEMP 1
#define HAVE_MKSTEMPS 1
#define HAVE_POPEN 1
#define HAVE_REWINDDIR 1
#define PACKAGE_BUGREPORT ""
#define PACKAGE_NAME ""
#define PACKAGE_STRING ""
#define PACKAGE_TARNAME ""
#define PACKAGE_VERSION ""
#define SYSTEM_XPDFRC "/home/stones/LocalFuzzingInstalls/etc/xpdfrc"
#define X_DISPLAY_MISSING 1
#endif
#ifdef __cplusplus
extern "C" void exit (int) throw ();

configure: exit 0
